2026-10-05 19:08:50 [INFO] server.audio.capture.loopback: Capture loop finished.
2026-10-05 19:08:50 [INFO] server.audio.capture.microphone: Microphone capture loop finished.
2026-10-05 19:08:51 [INFO] server.services.live_uploader.uploader: [live_uploader] Thread exiting (rec=6ac3e1156574b79ed0e717ef)
2026-10-05 19:08:54 [INFO] server.services.live_uploader.uploader: [live_uploader] Uploaded seq=27 (205101 bytes MP3) for 6ac3e1156574b79ed0e717ef
2026-10-05 19:09:05 [INFO] server.services.live_uploader.uploader: [live_uploader] Finalised recording 6ac3e1156574b79ed0e717ef
2026-10-05 19:09:05 [INFO] server.audio.session.recording: Session stopped - clearing in-memory buffers (live uploader owns persistence).
2026-10-05 19:09:05 [INFO] server.audio.capture.loopback: Opening loopback stream (device 16) at 48000Hz
2026-10-05 19:09:05 [INFO] server.audio.capture.microphone: Opening mic stream (device 14) at 48000Hz
2026-10-05 19:09:05 [INFO] server.audio.session.ambient: Ambient capture started (pre-roll buffer enabled).
2026-10-05 19:09:06 [INFO] naplo.main: Session stopped. Server stays alive for new sessions.
2026-10-05 19:09:07 [INFO] server.audio.call_detection.detector: Auto-recording ended externally (manual stop / auto-stop / device loss) while in active - resetting to a clean IDLE state (like a fresh restart)
2026-10-05 19:09:09 [INFO] server.audio.call_detection.detector: [call-detector heartbeat] state=idle consecutive_active=0/2 mic_last_speech=0.0s ago speaker_last_speech=0.0s ago speaker_sustained=2.0s ago speaker_run_len=0.1s speaker_trigger(recent=True long=False active=True)=False ambient_enabled=True detection_enabled=True recording_id=None
2026-10-05 19:09:26 [WARNING] server.audio.capture.dispatch: [speaker] capture loop stalled 203 ms - 80 ms still queued in the driver, 123 ms dropped. Frequent occurrences mean this thread is being starved.
2026-10-05 19:09:26 [WARNING] server.audio.capture.dispatch: [mic] capture loop stalled 219 ms - 80 ms still queued in the driver, 139 ms dropped. Frequent occurrences mean this thread is being starved.
2026-10-05 19:09:29 [INFO] server.services.web_links: Opened the live-recording page: https://naplo.app/new-recording?group=Default%20group
2026-10-05 19:09:31 [INFO] server.audio.call_detection.detector: [call-detector heartbeat] state=cooldown consecutive_active=0/2 mic_last_speech=0.1s ago speaker_last_speech=0.3s ago speaker_sustained=0.3s ago speaker_run_len=10.1s speaker_trigger(recent=True long=True active=True)=True ambient_enabled=True detection_enabled=True recording_id=None
2026-10-05 19:09:32 [INFO] server.routes.token: JWT Token verified and set via /api/token
2026-10-05 19:09:32 [INFO] naplo.main: Starting new session with group: Default group
2026-10-05 19:09:32 [INFO] server.audio.session.recording: Session stopped - clearing in-memory buffers (live uploader owns persistence).
2026-10-05 19:09:32 [INFO] server.audio.capture.loopback: Capture loop finished.
2026-10-05 19:09:32 [INFO] server.audio.capture.microphone: Microphone capture loop finished.
2026-10-05 19:09:32 [INFO] server.services.recordings: Creating recording (token present: True, mode=None, title=None, type=None)
2026-10-05 19:09:34 [INFO] server.services.recordings: Recording created with ID: 6ac3e7df6574b79ed0e717f0
2026-10-05 19:09:34 [INFO] server.audio.session.recording: Recording session started with ID: 6ac3e7df6574b79ed0e717f0 (transcribe=True)
2026-10-05 19:09:34 [INFO] server.audio.capture.loopback: Opening loopback stream (device 16) at 48000Hz
2026-10-05 19:09:34 [INFO] server.audio.capture.microphone: Opening mic stream (device 14) at 48000Hz
2026-10-05 19:09:34 [INFO] server.audio.transcribe.worker: Transcription worker running. All audio resampled to 16000 Hz
2026-10-05 19:09:34 [INFO] server.audio.transcribe.worker: Transcription worker running. All audio resampled to 16000 Hz
2026-10-05 19:09:34 [INFO] server.audio.session.preroll: Pre-roll injected: 26.5s (WAV 26.5s, transcribe 20.0s)
2026-10-05 19:09:34 [INFO] server.services.live_uploader.uploader: [live_uploader] Started for recording 6ac3e7df6574b79ed0e717f0 at 16000 Hz (interval=60s, codec=mp3@128k)
2026-10-05 19:09:34 [INFO] server.audio.transcribe.worker: [ai] Dropping low-speech segment (mic, 2.04s, 8 voiced / 102 frames) before transcription
2026-10-05 19:09:34 [INFO] server.audio.transcribe.worker: [ai] Dropping low-speech segment (speaker, 0.88s, 4 voiced / 44 frames) before transcription
2026-10-05 19:09:34 [INFO] server.audio.transcribe.worker: [ai] Dropping low-speech segment (mic, 1.54s, 4 voiced / 77 frames) before transcription
2026-10-05 19:09:34 [INFO] naplo.main: Session started.
2026-10-05 19:09:34 [INFO] server.audio.transcribe.worker: [ai] Dropping low-speech segment (mic, 0.96s, 0 voiced / 48 frames) before transcription
2026-10-05 19:09:36 [INFO] server.audio.transcribe.worker: [local] Dropping low-speech segment (speaker, 1.58s, 4 voiced / 79 frames) before transcription
2026-10-05 19:09:36 [INFO] server.audio.transcribe.worker: [local] Dropping low-speech segment (speaker, 0.96s, 4 voiced / 48 frames) before transcription
2026-10-05 19:09:37 [INFO] server.audio.call_detection.detector: [call-detector heartbeat] state=idle consecutive_active=0/2 mic_last_speech=0.0s ago speaker_last_speech=0.0s ago speaker_sustained=0.0s ago speaker_run_len=2.9s speaker_trigger(recent=True long=True active=True)=True ambient_enabled=True detection_enabled=True recording_id=6ac3e7df6574b79ed0e717f0
2026-10-05 19:09:39 [INFO] server.audio.transcribe.local: [local] hallucination filter dropped 1 of 1 chunk(s) (speaker)
2026-10-05 19:09:40 [INFO] server.audio.transcribe.local: [local] hallucination filter dropped 1 of 1 chunk(s) (mic)
2026-10-05 19:09:42 [INFO] server.audio.transcribe.local: [local] Transcribed segment (mic), 47 chars, 2 word-chunks, offset=32.48s, persisted=yes
2026-10-05 19:09:42 [INFO] server.audio.transcribe.worker: [local] Dropping low-speech segment (mic, 0.96s, 4 voiced / 48 frames) before transcription
2026-10-05 19:09:45 [INFO] server.audio.transcribe.local: [local] hallucination filter dropped 1 of 1 chunk(s) (speaker)
2026-10-05 19:09:46 [INFO] server.audio.transcribe.worker: [local] Dropping low-speech segment (mic, 1.04s, 4 voiced / 52 frames) before transcription
2026-10-05 19:09:50 [INFO] server.audio.transcribe.worker: [local] Dropping low-speech segment (mic, 0.96s, 0 voiced / 48 frames) before transcription
2026-10-05 19:09:51 [INFO] server.audio.transcribe.worker: [local] Dropping low-speech segment (mic, 0.96s, 4 voiced / 48 frames) before transcription
2026-10-05 19:09:55 [INFO] server.audio.transcribe.local: [local] hallucination filter dropped 1 of 1 chunk(s) (speaker)
2026-10-05 19:09:57 [INFO] server.audio.transcribe.worker: [local] Dropping low-speech segment (mic, 0.96s, 0 voiced / 48 frames) before transcription
2026-10-05 19:09:59 [INFO] server.audio.transcribe.local: [local] hallucination filter dropped 1 of 1 chunk(s) (speaker)
2026-10-05 19:10:00 [INFO] server.audio.transcribe.worker: [local] Dropping low-speech segment (speaker, 0.96s, 4 voiced / 48 frames) before transcription
2026-10-05 19:10:03 [INFO] server.audio.transcribe.worker: [local] Dropping low-speech segment (speaker, 2.06s, 4 voiced / 103 frames) before transcription
2026-10-05 19:10:05 [INFO] server.audio.transcribe.local: [local] Transcribed segment (mic), 6 chars, 1 word-chunks, offset=55.05s, persisted=yes
2026-10-05 19:10:06 [INFO] server.audio.transcribe.worker: [local] Dropping low-speech segment (mic, 1.24s, 0 voiced / 62 frames) before transcription
2026-10-05 19:10:06 [INFO] naplo.main: Stopping session...
2026-10-05 19:10:06 [INFO] server.audio.capture.loopback: Capture loop finished.
2026-10-05 19:10:06 [INFO] server.audio.capture.microphone: Microphone capture loop finished.
2026-10-05 19:10:07 [INFO] server.audio.call_detection.detector: [call-detector heartbeat] state=idle consecutive_active=0/2 mic_last_speech=0.9s ago speaker_last_speech=1.5s ago speaker_sustained=1.5s ago speaker_run_len=5.7s speaker_trigger(recent=True long=True active=False)=False ambient_enabled=True detection_enabled=True recording_id=6ac3e7df6574b79ed0e717f0
2026-10-05 19:10:07 [INFO] server.audio.transcribe.worker: [speaker] Flushing 3.74s of buffered audio on stop
2026-10-05 19:10:09 [INFO] server.services.live_uploader.uploader: [live_uploader] Thread exiting (rec=6ac3e7df6574b79ed0e717f0)
2026-10-05 19:10:14 [INFO] server.services.live_uploader.uploader: [live_uploader] Uploaded seq=0 (941229 bytes MP3) for 6ac3e7df6574b79ed0e717f0
2026-10-05 19:10:15 [INFO] server.services.live_uploader.uploader: [live_uploader] Finalised recording 6ac3e7df6574b79ed0e717f0
2026-10-05 19:10:15 [INFO] server.audio.session.recording: Session stopped - clearing in-memory buffers (live uploader owns persistence).
2026-10-05 19:10:15 [INFO] server.audio.capture.loopback: Opening loopback stream (device 16) at 48000Hz
2026-10-05 19:10:15 [INFO] server.audio.capture.microphone: Opening mic stream (device 14) at 48000Hz
2026-10-05 19:10:15 [INFO] server.audio.session.ambient: Ambient capture started (pre-roll buffer enabled).
2026-10-05 19:10:15 [INFO] naplo.main: Session stopped. Server stays alive for new sessions.
2026-10-05 19:10:15 [INFO] server.audio.call_detection.detector: Foreign recording ended - resetting detector to a clean IDLE state (like a fresh restart)
2026-10-05 19:10:37 [INFO] server.audio.call_detection.detector: [call-detector heartbeat] state=idle consecutive_active=0/2 mic_last_speech=5.8s ago speaker_last_speech=1.1s ago speaker_sustained=3.2s ago speaker_run_len=1.2s speaker_trigger(recent=True long=False active=False)=False ambient_enabled=True detection_enabled=True recording_id=None
2026-10-05 19:10:48 [WARNING] server.audio.capture.dispatch: [mic] capture loop stalled 204 ms - 80 ms still queued in the driver, 124 ms dropped. Frequent occurrences mean this thread is being starved.
2026-10-05 19:10:48 [WARNING] server.audio.capture.dispatch: [speaker] capture loop stalled 188 ms - 80 ms still queued in the driver, 108 ms dropped. Frequent occurrences mean this thread is being starved.
2026-10-05 19:10:51 [INFO] server.services.web_links: Opened the live-recording page: https://naplo.app/new-recording?group=Default%20group
2026-10-05 19:10:53 [INFO] server.audio.call_detection.detector: [call-detector heartbeat] state=cooldown consecutive_active=0/2 mic_last_speech=1.2s ago speaker_last_speech=0.0s ago speaker_sustained=0.0s ago speaker_run_len=12.7s speaker_trigger(recent=True long=True active=True)=True ambient_enabled=True detection_enabled=True recording_id=None
2026-10-05 19:11:23 [INFO] server.audio.call_detection.detector: [call-detector heartbeat] state=cooldown consecutive_active=0/2 mic_last_speech=0.0s ago speaker_last_speech=0.1s ago speaker_sustained=0.1s ago speaker_run_len=42.8s speaker_trigger(recent=True long=True active=True)=True ambient_enabled=True detection_enabled=True recording_id=None
2026-10-05 19:11:53 [INFO] server.audio.call_detection.detector: [call-detector heartbeat] state=cooldown consecutive_active=0/2 mic_last_speech=0.4s ago speaker_last_speech=0.0s ago speaker_sustained=0.0s ago speaker_run_len=73.0s speaker_trigger(recent=True long=True active=True)=True ambient_enabled=True detection_enabled=True recording_id=None
2026-10-05 19:12:03 [INFO] server.audio.call_detection.detector: [call-detector heartbeat] state=idle consecutive_active=0/2 mic_last_speech=0.0s ago speaker_last_speech=0.3s ago speaker_sustained=0.3s ago speaker_run_len=2.2s speaker_trigger(recent=True long=False active=True)=False ambient_enabled=True detection_enabled=True recording_id=None
2026-10-05 19:12:04 [INFO] server.audio.capture.loopback: Capture loop finished.
2026-10-05 19:12:04 [INFO] server.audio.capture.microphone: Microphone capture loop finished.
2026-10-05 19:12:04 [INFO] server.audio.session.ambient: Ambient capture stopped.
2026-10-05 19:12:04 [INFO] server.audio.call_detection.detector: Call detector stopped.
2026-10-05 19:12:06 [INFO] server.audio.capture.loopback: Opening loopback stream (device 16) at 48000Hz
2026-10-05 19:12:06 [INFO] server.audio.capture.microphone: Opening mic stream (device 14) at 48000Hz
2026-10-05 19:12:06 [INFO] server.audio.session.ambient: Ambient capture started (pre-roll buffer enabled).
2026-10-05 19:12:06 [INFO] server.audio.call_detection.detector: Call detector loop ENTER: tick=2.0s holdoff=5.0s window=10.0s ambient_enabled=True detection_enabled=True required_active_ticks=2
2026-10-05 19:12:06 [INFO] server.audio.call_detection.detector: Call detector started.
2026-10-05 19:12:06 [WARNING] server.audio.capture.dispatch: [mic] capture loop stalled 188 ms - 10 ms still queued in the driver, 178 ms dropped. Frequent occurrences mean this thread is being starved.
2026-10-05 19:12:08 [INFO] server.audio.call_detection.detector: [call-detector heartbeat] state=idle consecutive_active=0/2 mic_last_speech=0.0s ago speaker_last_speech=0.4s ago speaker_sustained=0.4s ago speaker_run_len=1.8s speaker_trigger(recent=True long=False active=True)=False ambient_enabled=True detection_enabled=True recording_id=None
2026-10-05 19:12:12 [WARNING] server.audio.capture.dispatch: [speaker] capture loop stalled 204 ms - 80 ms still queued in the driver, 124 ms dropped. Frequent occurrences mean this thread is being starved.
Windows fatal exception: code 0x80000003

Current thread 0x00003b94 (most recent call first):
  Garbage-collecting
  File "server\audio\call_detection\prompt_start.py", line 532 in show_call_detected_prompt
  File "server\audio\call_detection\actions.py", line 113 in prompt_and_decide
  File "server\audio\call_detection\detector.py", line 465 in _tick_idle
  File "server\audio\call_detection\detector.py", line 672 in _run_state_tick
  File "server\audio\call_detection\detector.py", line 817 in _loop
  File "threading.py", line 1012 in run
  File "threading.py", line 1075 in _bootstrap_inner
  File "threading.py", line 1032 in _bootstrap

Thread 0x00002108 (most recent call first):
  File "pyaudiowpatch\__init__.py", line 640 in read
  File "server\audio\capture\microphone.py", line 221 in capture_microphone_loop
  File "server\audio\session\workers.py", line 49 in _supervised
  File "threading.py", line 1012 in run
  File "threading.py", line 1075 in _bootstrap_inner
  File "threading.py", line 1032 in _bootstrap

Thread 0x00007164 (most recent call first):
  File "server\audio\capture\loopback.py", line 303 in capture_loop
  File "server\audio\session\workers.py", line 49 in _supervised
  File "threading.py", line 1012 in run
  File "threading.py", line 1075 in _bootstrap_inner
  File "threading.py", line 1032 in _bootstrap

Thread 0x00006f94 (most recent call first):
  File "threading.py", line 355 in wait
  File "queue.py", line 171 in get
  File "anyio\_backends\_asyncio.py", line 991 in run
  File "threading.py", line 1075 in _bootstrap_inner
  File "threading.py", line 1032 in _bootstrap

Thread 0x00006f58 (most recent call first):
  File "concurrent\futures\thread.py", line 89 in _worker
  File "threading.py", line 1012 in run
  File "threading.py", line 1075 in _bootstrap_inner
  File "threading.py", line 1032 in _bootstrap

Thread 0x00004ebc (most recent call first):
  File "threading.py", line 359 in wait
  File "threading.py", line 655 in wait
  File "server\audio\device_manager\events\_coalescer.py", line 97 in _loop
  File "threading.py", line 1012 in run
  File "threading.py", line 1075 in _bootstrap_inner
  File "threading.py", line 1032 in _bootstrap

Thread 0x000047ac (most recent call first):
  File "threading.py", line 355 in wait
  File "threading.py", line 655 in wait
  File "server\audio\device_manager\events\source_windows.py", line 533 in _run
  File "threading.py", line 1012 in run
  File "threading.py", line 1075 in _bootstrap_inner
  File "threading.py", line 1032 in _bootstrap

Thread 0x000037bc (most recent call first):
  File "threading.py", line 359 in wait
  File "queue.py", line 180 in get
  File "server\audio\device_manager\events\dispatcher.py", line 383 in _run
  File "threading.py", line 1012 in run
  File "threading.py", line 1075 in _bootstrap_inner
  File "threading.py", line 1032 in _bootstrap

Thread 0x000025f4 (most recent call first):
  File "threading.py", line 359 in wait
  File "threading.py", line 655 in wait
  File "server\services\auth_nudge.py", line 154 in _loop
  File "threading.py", line 1012 in run
  File "threading.py", line 1075 in _bootstrap_inner
  File "threading.py", line 1032 in _bootstrap

Thread 0x00000fe0 (most recent call first):
  File "threading.py", line 359 in wait
  File "threading.py", line 655 in wait
  File "server\download\updater\state.py", line 177 in _poll_loop
  File "threading.py", line 1012 in run
  File "threading.py", line 1075 in _bootstrap_inner
  File "threading.py", line 1032 in _bootstrap

Thread 0x00005f6c (most recent call first):
  File "threading.py", line 359 in wait
  File "threading.py", line 655 in wait
  File "server\services\local_presence.py", line 152 in _heartbeat_loop
  File "threading.py", line 1012 in run
  File "threading.py", line 1075 in _bootstrap_inner
  File "threading.py", line 1032 in _bootstrap

Thread 0x00000c98 (most recent call first):
  File "threading.py", line 359 in wait
  File "threading.py", line 655 in wait
  File "server\lifecycle.py", line 103 in _auto_stop_monitor
  File "threading.py", line 1012 in run
  File "threading.py", line 1075 in _bootstrap_inner
  File "threading.py", line 1032 in _bootstrap

Thread 0x00006820 (most recent call first):
  File "pystray\_win32.py", line 147 in _mainloop
  File "pystray\_win32.py", line 128 in _run
  File "pystray\_base.py", line 212 in run
  File "threading.py", line 1012 in run
  File "threading.py", line 1075 in _bootstrap_inner
  File "threading.py", line 1032 in _bootstrap

Thread 0x00005230 (most recent call first):
  File "server\tray\__init__.py", line 294 in _loop
  File "threading.py", line 1012 in run
  File "threading.py", line 1075 in _bootstrap_inner
  File "threading.py", line 1032 in _bootstrap

Thread 0x0000323c (most recent call first):
  File "asyncio\windows_events.py", line 774 in _poll
  File "asyncio\windows_events.py", line 445 in select
  File "asyncio\base_events.py", line 1948 in _run_once
  File "asyncio\base_events.py", line 641 in run_forever
  File "asyncio\windows_events.py", line 322 in run_forever
  File "asyncio\base_events.py", line 674 in run_until_complete
  File "asyncio\runners.py", line 118 in run
  File "asyncio\runners.py", line 194 in run
  File "uvicorn\server.py", line 75 in run
  File "naplo.py", line 573 in main
  File "naplo.py", line 587 in <module>
2026-10-05 19:12:23 [WARNING] server.audio.capture.dispatch: [speaker] capture loop stalled 4875 ms - 80 ms still queued in the driver, 4795 ms dropped. Frequent occurrences mean this thread is being starved.
2026-10-05 19:12:23 [WARNING] server.audio.capture.dispatch: [mic] capture loop stalled 4875 ms - 70 ms still queued in the driver, 4805 ms dropped. Frequent occurrences mean this thread is being starved.